// Jest Snapshot v1, https://goo.gl/fbAQLP

exports[`Test ChannelIntro component When channel intro data is feteched should render component 1`] = `
<Fragment>
  <div
    className="mt-3 row justify-content-center"
  >
    <div
      className="col-md-10 col-lg-9"
    >
      <ul
        className="list-group"
      >
        <li
          className="list-group-item"
        >
          <FontAwesomeIcon
            border={false}
            className=""
            fixedWidth={false}
            flip={null}
            icon="calendar-day"
            inverse={false}
            listItem={false}
            mask={null}
            pull={null}
            pulse={false}
            rotation={null}
            size={null}
            spin={false}
            swapOpacity={false}
            symbol={false}
            title=""
            transform={null}
          />
           Published on
           
          20 Oct 2011
        </li>
        <li
          className="list-group-item"
        >
           
          <FontAwesomeIcon
            border={false}
            className=""
            fixedWidth={false}
            flip={null}
            icon="envelope-open-text"
            inverse={false}
            listItem={false}
            mask={null}
            pull={null}
            pulse={false}
            rotation={null}
            size={null}
            spin={false}
            swapOpacity={false}
            symbol={false}
            title=""
            transform={null}
          />
           Description -
           
          Former NASA engineer.  Current YouTuber and friend of science.  

Answers to some common questions:

1) I studied Mechanical Engineering in School.  I did my undergrad at BYU and Masters at USC.
2) I worked for NASA JPL for 9 years, 7 of which were working on the Curiosity Rover (I made a video about it you should def totes watch cause it's probably my favorite of all my videos).  I founded a company called Digital Dudz on my nights and weekends while working at NASA (also made some videos about that) and sold it to the guys who make Morphsuits in the UK.  As part of the sale I quit my job at NASA and worked for them coming up with all their new costume ideas for 2 years.  Recently, I was presented with an opportunity to return to my Engineering roots to come do some ideation type of work for a tech company near San Francisco.   
3) Link to free and therefore substandard build plans for my custom workbench can be found below.
        </li>
        <li
          className="list-group-item"
        >
          <FontAwesomeIcon
            border={false}
            className=""
            fixedWidth={false}
            flip={null}
            icon="user-friends"
            inverse={false}
            listItem={false}
            mask={null}
            pull={null}
            pulse={false}
            rotation={null}
            size={null}
            spin={false}
            swapOpacity={false}
            symbol={false}
            title=""
            transform={null}
          />
           
          13,100,000
           
          Subscribers
        </li>
        <li
          className="list-group-item"
        >
          <FontAwesomeIcon
            border={false}
            className=""
            fixedWidth={false}
            flip={null}
            icon="eye"
            inverse={false}
            listItem={false}
            mask={null}
            pull={null}
            pulse={false}
            rotation={null}
            size={null}
            spin={false}
            swapOpacity={false}
            symbol={false}
            title=""
            transform={null}
          />
           
          1,448,584,755
           Views
        </li>
      </ul>
    </div>
  </div>
</Fragment>
`;

exports[`Test ChannelIntro component When component is initially rendered should render component 1`] = `
<Fragment>
  <Loading />
</Fragment>
`;

exports[`Test ChannelIntro component When error occurs should render component 1`] = `
<Fragment>
  <ErrorMessage
    error={
      Object {
        "response": Object {
          "data": Object {
            "error": Object {
              "code": 400,
              "errors": Array [
                Object {
                  "domain": "youtube.parameter",
                  "location": "parameters.",
                  "locationType": "other",
                  "message": "'No filter selected. Expected one of: managedByMe, id, forUsername, mySubscribers, mine, categoryId'",
                  "reason": "missingRequiredParameter",
                },
              ],
              "message": "No filter selected. Expected one of: managedByMe, id, forUsername, mySubscribers, mine, categoryId",
            },
          },
        },
      }
    }
  />
</Fragment>
`;
