// Jest Snapshot v1, https://goo.gl/fbAQLP

exports[`Test Footer component should render component 1`] = `
<div
  className="font-weight-light text-center bg-light py-3"
>
  My Youtube player developed by Fan Y.
  <div
    className="font-weight-light text-center"
  >
    Powered by 
    <a
      href="https://reactjs.org"
      target="__blank"
    >
      React
    </a>
  </div>
</div>
`;
