// Jest Snapshot v1, https://goo.gl/fbAQLP

exports[`Test Menu component should render component 1`] = `
<div>
  <nav
    className="nav nav-tabs nav-fill"
  >
    <NavLink
      activeClassName="active"
      className="nav-item nav-link"
      exact={true}
      key="Recommend"
      to="/"
    >
      <FontAwesomeIcon
        border={false}
        className=""
        fixedWidth={false}
        flip={null}
        icon="thumbs-up"
        inverse={false}
        listItem={false}
        mask={null}
        pull={null}
        pulse={false}
        rotation={null}
        size={null}
        spin={false}
        swapOpacity={false}
        symbol={false}
        title=""
        transform={null}
      />
         
      Recommend
    </NavLink>
    <NavLink
      activeClassName="active"
      className="nav-item nav-link"
      exact={false}
      key="Subscriptions"
      to="/channel"
    >
      <FontAwesomeIcon
        border={false}
        className=""
        fixedWidth={false}
        flip={null}
        icon="user-plus"
        inverse={false}
        listItem={false}
        mask={null}
        pull={null}
        pulse={false}
        rotation={null}
        size={null}
        spin={false}
        swapOpacity={false}
        symbol={false}
        title=""
        transform={null}
      />
         
      Subscriptions
    </NavLink>
    <NavLink
      activeClassName="active"
      className="nav-item nav-link"
      exact={false}
      key="Play List"
      to="/playlist"
    >
      <FontAwesomeIcon
        border={false}
        className=""
        fixedWidth={false}
        flip={null}
        icon="list"
        inverse={false}
        listItem={false}
        mask={null}
        pull={null}
        pulse={false}
        rotation={null}
        size={null}
        spin={false}
        swapOpacity={false}
        symbol={false}
        title=""
        transform={null}
      />
         
      Play List
    </NavLink>
  </nav>
</div>
`;
