// Jest Snapshot v1, https://goo.gl/fbAQLP

exports[`Test UserImage component should render UserImage component 1`] = `
<div
  className="mr-2"
  style={
    Object {
      "position": "relative",
    }
  }
>
  <div
    id="dropdown"
    onClick={[Function]}
    style={
      Object {
        "cursor": "pointer",
        "height": "55px",
      }
    }
  >
          
    <img
      alt="Test Test"
      src="https://lh3.googleusercontent.com/a-/AOh14GgHZ_IO2RUfg770gLs9V6UOsJaDMsWmGKP4AUna"
      style={
        Object {
          "borderRadius": "50%",
          "maxHeight": "100%",
        }
      }
    />
  </div>
</div>
`;
