// Jest Snapshot v1, https://goo.gl/fbAQLP

exports[`Test ChannelItem component should render ChannelItem component 1`] = `
<div
  className="card"
>
  <Link
    to="/channel/UCPIAvE0MO9pyWGNh5OoYInQ"
  >
    <div
      className="p-3 text-center"
    >
      <img
        className="rounded-circle"
        src="https://yt3.ggpht.com/-CwIKK_-YUE4/AAAAAAAAAAI/AAAAAAAAAAA/qt9fyxUhwBM/s240-c-k-no-mo-rj-c0xffffff/photo.jpg"
        style={
          Object {
            "height": "auto",
            "maxWidth": "100%",
          }
        }
      />
    </div>
  </Link>
  <div
    className="card-body"
  >
    <Link
      to="/channel/UCPIAvE0MO9pyWGNh5OoYInQ"
    >
      <h5
        className="card-title text-center"
      >
        Aussie English
      </h5>
    </Link>
  </div>
</div>
`;
