// Jest Snapshot v1, https://goo.gl/fbAQLP

exports[`Test MoreButton component should render component 1`] = `
<div
  className="text-center"
>
  <button
    className="btn btn-light"
    onClick={[MockFunction]}
    style={
      Object {
        "width": "100%",
      }
    }
  >
    <span
      className="text-dark"
    >
      More videos
    </span>
  </button>
</div>
`;
