// Jest Snapshot v1, https://goo.gl/fbAQLP

exports[`Test VideoGridItem component should render component 1`] = `
<div>
  <div
    className="mb-2"
  >
    <Link
      to="/video/oxoWhyS9buA"
    >
      <img
        alt="BTS (방탄소년단) 'Dynamite' Official Teaser"
        src="https://i.ytimg.com/vi/oxoWhyS9buA/mqdefault.jpg"
        style={
          Object {
            "height": "auto",
            "width": "100%",
          }
        }
        title="BTS (방탄소년단) 'Dynamite' Official Teaser"
      />
    </Link>
  </div>
  <div>
    <div
      className="mb-1"
      style={
        Object {
          "lineHeight": "23px",
          "maxHeight": "46px",
          "overflow": "hidden",
          "textOverflow": "ellipsis",
        }
      }
    >
      <Link
        title="BTS (방탄소년단) 'Dynamite' Official Teaser"
        to="/video/oxoWhyS9buA"
      >
        BTS (방탄소년단) 'Dynamite' Official Teaser
      </Link>
    </div>
    <div
      className="mb-2"
    >
      <Link
        to="/channel/UC3IZKseVpdzPSBaWxBxundA"
      >
        <span
          className="text-secondary"
        >
          Big Hit Labels
        </span>
      </Link>
    </div>
    <div
      className="text-muted"
    >
      <span>
        22,928,171
         Views |
      </span>
       
      3 months ago
    </div>
  </div>
</div>
`;
