// Jest Snapshot v1, https://goo.gl/fbAQLP

exports[`Test VideoListItem component should render component 1`] = `
<div
  className="d-flex flex-md-row my-2"
>
  <div
    className="d-flex align-items-center"
  >
    <Link
      to="/video/McOW1uIE4GY?playlistId=playlist-id"
    >
      <img
        src="https://i.ytimg.com/vi/McOW1uIE4GY/mqdefault.jpg"
        style={
          Object {
            "maxWidth": "140px",
          }
        }
      />
    </Link>
  </div>
  <div
    className="d-flex flex-column justify-content-center ml-3"
  >
    <Link
      title="Coronavirus: UN warns of new diseases - News Review"
      to="/video/McOW1uIE4GY?playlistId=playlist-id"
    >
      <div
        className="text-primary font-weight-bold"
        style={
          Object {
            "lineHeight": "23px",
            "maxHeight": "46px",
            "overflow": "hidden",
            "textOverflow": "ellipsis",
          }
        }
      >
        Coronavirus: UN warns of new diseases - News Review
      </div>
    </Link>
    <Link
      to="/channel/UCHaHD477h-FeBbVh9Sh7syA"
    >
       
      BBC Learning English
    </Link>
    <p
      className="font-weight-light"
    >
      <FontAwesomeIcon
        border={false}
        className=""
        fixedWidth={false}
        flip={null}
        icon="user-clock"
        inverse={false}
        listItem={false}
        mask={null}
        pull={null}
        pulse={false}
        rotation={null}
        size={null}
        spin={false}
        swapOpacity={false}
        symbol={false}
        title=""
        transform={null}
      />
       
      4 Aug 2020 21:30
    </p>
  </div>
</div>
`;
